// Jest Snapshot v1, https://goo.gl/fbAQLP

exports[`Puebas en el componente <CounterApp /> debe hacer match con el snapshot 1`] = `
<div>
  <h1>
    CounterApp
  </h1>
  <h3>
     
    10
     
  </h3>
  <button>
     +1 
  </button>
  <button>
     -1 
  </button>
  <button
    aria-label="btn-reset"
  >
     Reset 
  </button>
</div>
`;
